{"dialect":"postgres","level":"info","message":"Database connected","origin":{"col":3,"file":"file:///home/alan/Projects/Algoman/algo-upstox/src/index.js","fn":"<anonymous>","line":15},"timestamp":"2025-09-03T03:27:38.507Z"}
{"level":"info","message":"Upstox running on PORT 3003","origin":{"col":3,"file":"file:///home/alan/Projects/Algoman/algo-upstox/src/index.js","fn":"Server.<anonymous>","line":718},"port":3003,"timestamp":"2025-09-03T03:27:38.516Z"}
{"level":"info","message":"Loaded dailyLevels","origin":{"col":7,"file":"file:///home/alan/Projects/Algoman/algo-upstox/src/index.js","fn":"runTradingLogic","line":185},"present":true,"timestamp":"2025-09-03T03:27:39.040Z"}
{"level":"info","message":"Loaded dailyLevels","origin":{"col":7,"file":"file:///home/alan/Projects/Algoman/algo-upstox/src/index.js","fn":"runTradingLogic","line":185},"present":true,"timestamp":"2025-09-03T03:27:39.068Z"}
{"level":"info","message":"Loaded dailyAsset","origin":{"col":7,"file":"file:///home/alan/Projects/Algoman/algo-upstox/src/index.js","fn":"runTradingLogic","line":199},"timestamp":"2025-09-03T03:27:39.096Z"}
{"level":"info","message":"Loaded dailyAsset","origin":{"col":7,"file":"file:///home/alan/Projects/Algoman/algo-upstox/src/index.js","fn":"runTradingLogic","line":199},"timestamp":"2025-09-03T03:27:39.125Z"}
{"hasAdmin":true,"keysCount":0,"level":"info","message":"Refreshed keys/adminKeys","origin":{"col":7,"file":"file:///home/alan/Projects/Algoman/algo-upstox/src/index.js","fn":"runTradingLogic","line":217},"timestamp":"2025-09-03T03:27:39.193Z"}
{"hasAdmin":true,"keysCount":0,"level":"info","message":"Refreshed keys/adminKeys","origin":{"col":7,"file":"file:///home/alan/Projects/Algoman/algo-upstox/src/index.js","fn":"runTradingLogic","line":217},"timestamp":"2025-09-03T03:27:39.215Z"}
{"hasAdmin":true,"keysCount":0,"level":"info","message":"Refreshed keys/adminKeys","origin":{"col":7,"file":"file:///home/alan/Projects/Algoman/algo-upstox/src/index.js","fn":"runTradingLogic","line":217},"timestamp":"2025-09-03T03:27:40.069Z"}
{"hasAdmin":true,"keysCount":0,"level":"info","message":"Refreshed keys/adminKeys","origin":{"col":7,"file":"file:///home/alan/Projects/Algoman/algo-upstox/src/index.js","fn":"runTradingLogic","line":217},"timestamp":"2025-09-03T03:27:40.075Z"}
{"hasAdmin":true,"keysCount":0,"level":"info","message":"Refreshed keys/adminKeys","origin":{"col":7,"file":"file:///home/alan/Projects/Algoman/algo-upstox/src/index.js","fn":"runTradingLogic","line":217},"timestamp":"2025-09-03T03:28:00.061Z"}
{"hasAdmin":true,"keysCount":0,"level":"info","message":"Refreshed keys/adminKeys","origin":{"col":7,"file":"file:///home/alan/Projects/Algoman/algo-upstox/src/index.js","fn":"runTradingLogic","line":217},"timestamp":"2025-09-03T03:28:00.065Z"}
{"hasAdmin":true,"keysCount":0,"level":"info","message":"Refreshed keys/adminKeys","origin":{"col":7,"file":"file:///home/alan/Projects/Algoman/algo-upstox/src/index.js","fn":"runTradingLogic","line":217},"timestamp":"2025-09-03T03:28:40.058Z"}
{"hasAdmin":true,"keysCount":0,"level":"info","message":"Refreshed keys/adminKeys","origin":{"col":7,"file":"file:///home/alan/Projects/Algoman/algo-upstox/src/index.js","fn":"runTradingLogic","line":217},"timestamp":"2025-09-03T03:28:40.062Z"}
{"hasAdmin":true,"keysCount":0,"level":"info","message":"Refreshed keys/adminKeys","origin":{"col":7,"file":"file:///home/alan/Projects/Algoman/algo-upstox/src/index.js","fn":"runTradingLogic","line":217},"timestamp":"2025-09-03T03:29:00.058Z"}
{"hasAdmin":true,"keysCount":0,"level":"info","message":"Refreshed keys/adminKeys","origin":{"col":7,"file":"file:///home/alan/Projects/Algoman/algo-upstox/src/index.js","fn":"runTradingLogic","line":217},"timestamp":"2025-09-03T03:29:00.064Z"}
{"hasAdmin":true,"keysCount":0,"level":"info","message":"Refreshed keys/adminKeys","origin":{"col":7,"file":"file:///home/alan/Projects/Algoman/algo-upstox/src/index.js","fn":"runTradingLogic","line":217},"timestamp":"2025-09-03T03:29:40.058Z"}
{"hasAdmin":true,"keysCount":0,"level":"info","message":"Refreshed keys/adminKeys","origin":{"col":7,"file":"file:///home/alan/Projects/Algoman/algo-upstox/src/index.js","fn":"runTradingLogic","line":217},"timestamp":"2025-09-03T03:29:40.063Z"}
{"hasAdmin":true,"keysCount":0,"level":"info","message":"Refreshed keys/adminKeys","origin":{"col":7,"file":"file:///home/alan/Projects/Algoman/algo-upstox/src/index.js","fn":"runTradingLogic","line":217},"timestamp":"2025-09-03T03:30:00.059Z"}
{"hasAdmin":true,"keysCount":0,"level":"info","message":"Refreshed keys/adminKeys","origin":{"col":7,"file":"file:///home/alan/Projects/Algoman/algo-upstox/src/index.js","fn":"runTradingLogic","line":217},"timestamp":"2025-09-03T03:30:00.062Z"}
{"hasAdmin":true,"keysCount":0,"level":"info","message":"Refreshed keys/adminKeys","origin":{"col":7,"file":"file:///home/alan/Projects/Algoman/algo-upstox/src/index.js","fn":"runTradingLogic","line":217},"timestamp":"2025-09-03T03:30:40.057Z"}
{"hasAdmin":true,"keysCount":0,"level":"info","message":"Refreshed keys/adminKeys","origin":{"col":7,"file":"file:///home/alan/Projects/Algoman/algo-upstox/src/index.js","fn":"runTradingLogic","line":217},"timestamp":"2025-09-03T03:30:40.062Z"}
{"hasAdmin":true,"keysCount":0,"level":"info","message":"Refreshed keys/adminKeys","origin":{"col":7,"file":"file:///home/alan/Projects/Algoman/algo-upstox/src/index.js","fn":"runTradingLogic","line":217},"timestamp":"2025-09-03T03:31:00.058Z"}
{"hasAdmin":true,"keysCount":0,"level":"info","message":"Refreshed keys/adminKeys","origin":{"col":7,"file":"file:///home/alan/Projects/Algoman/algo-upstox/src/index.js","fn":"runTradingLogic","line":217},"timestamp":"2025-09-03T03:31:00.061Z"}
{"hasAdmin":true,"keysCount":0,"level":"info","message":"Refreshed keys/adminKeys","origin":{"col":7,"file":"file:///home/alan/Projects/Algoman/algo-upstox/src/index.js","fn":"runTradingLogic","line":217},"timestamp":"2025-09-03T03:31:40.058Z"}
{"hasAdmin":true,"keysCount":0,"level":"info","message":"Refreshed keys/adminKeys","origin":{"col":7,"file":"file:///home/alan/Projects/Algoman/algo-upstox/src/index.js","fn":"runTradingLogic","line":217},"timestamp":"2025-09-03T03:31:40.061Z"}
{"hasAdmin":true,"keysCount":0,"level":"info","message":"Refreshed keys/adminKeys","origin":{"col":7,"file":"file:///home/alan/Projects/Algoman/algo-upstox/src/index.js","fn":"runTradingLogic","line":217},"timestamp":"2025-09-03T03:32:00.057Z"}
{"hasAdmin":true,"keysCount":0,"level":"info","message":"Refreshed keys/adminKeys","origin":{"col":7,"file":"file:///home/alan/Projects/Algoman/algo-upstox/src/index.js","fn":"runTradingLogic","line":217},"timestamp":"2025-09-03T03:32:00.061Z"}
{"hasAdmin":true,"keysCount":0,"level":"info","message":"Refreshed keys/adminKeys","origin":{"col":7,"file":"file:///home/alan/Projects/Algoman/algo-upstox/src/index.js","fn":"runTradingLogic","line":217},"timestamp":"2025-09-03T03:32:40.059Z"}
{"hasAdmin":true,"keysCount":0,"level":"info","message":"Refreshed keys/adminKeys","origin":{"col":7,"file":"file:///home/alan/Projects/Algoman/algo-upstox/src/index.js","fn":"runTradingLogic","line":217},"timestamp":"2025-09-03T03:32:40.065Z"}
{"hasAdmin":true,"keysCount":0,"level":"info","message":"Refreshed keys/adminKeys","origin":{"col":7,"file":"file:///home/alan/Projects/Algoman/algo-upstox/src/index.js","fn":"runTradingLogic","line":217},"timestamp":"2025-09-03T03:33:00.063Z"}
{"hasAdmin":true,"keysCount":0,"level":"info","message":"Refreshed keys/adminKeys","origin":{"col":7,"file":"file:///home/alan/Projects/Algoman/algo-upstox/src/index.js","fn":"runTradingLogic","line":217},"timestamp":"2025-09-03T03:33:00.067Z"}
{"hasAdmin":true,"keysCount":0,"level":"info","message":"Refreshed keys/adminKeys","origin":{"col":7,"file":"file:///home/alan/Projects/Algoman/algo-upstox/src/index.js","fn":"runTradingLogic","line":217},"timestamp":"2025-09-03T03:33:40.057Z"}
{"hasAdmin":true,"keysCount":0,"level":"info","message":"Refreshed keys/adminKeys","origin":{"col":7,"file":"file:///home/alan/Projects/Algoman/algo-upstox/src/index.js","fn":"runTradingLogic","line":217},"timestamp":"2025-09-03T03:33:40.062Z"}
{"dialect":"postgres","level":"info","message":"Database connected","origin":{"col":3,"file":"file:///home/alan/Projects/Algoman/algo-upstox/src/index.js","fn":"<anonymous>","line":15},"timestamp":"2025-09-03T03:33:52.464Z"}
{"level":"info","message":"Upstox running on PORT 3003","origin":{"col":3,"file":"file:///home/alan/Projects/Algoman/algo-upstox/src/index.js","fn":"Server.<anonymous>","line":718},"port":3003,"timestamp":"2025-09-03T03:33:52.473Z"}
{"level":"info","message":"Loaded dailyLevels","origin":{"col":7,"file":"file:///home/alan/Projects/Algoman/algo-upstox/src/index.js","fn":"runTradingLogic","line":185},"present":true,"timestamp":"2025-09-03T03:33:53.038Z"}
{"level":"info","message":"Loaded dailyLevels","origin":{"col":7,"file":"file:///home/alan/Projects/Algoman/algo-upstox/src/index.js","fn":"runTradingLogic","line":185},"present":true,"timestamp":"2025-09-03T03:33:53.066Z"}
{"level":"info","message":"Loaded dailyAsset","origin":{"col":7,"file":"file:///home/alan/Projects/Algoman/algo-upstox/src/index.js","fn":"runTradingLogic","line":199},"timestamp":"2025-09-03T03:33:53.095Z"}
{"level":"info","message":"Loaded dailyAsset","origin":{"col":7,"file":"file:///home/alan/Projects/Algoman/algo-upstox/src/index.js","fn":"runTradingLogic","line":199},"timestamp":"2025-09-03T03:33:53.124Z"}
{"hasAdmin":true,"keysCount":0,"level":"info","message":"Refreshed keys/adminKeys","origin":{"col":7,"file":"file:///home/alan/Projects/Algoman/algo-upstox/src/index.js","fn":"runTradingLogic","line":217},"timestamp":"2025-09-03T03:33:53.191Z"}
{"hasAdmin":true,"keysCount":0,"level":"info","message":"Refreshed keys/adminKeys","origin":{"col":7,"file":"file:///home/alan/Projects/Algoman/algo-upstox/src/index.js","fn":"runTradingLogic","line":217},"timestamp":"2025-09-03T03:33:53.214Z"}
{"hasAdmin":true,"keysCount":0,"level":"info","message":"Refreshed keys/adminKeys","origin":{"col":7,"file":"file:///home/alan/Projects/Algoman/algo-upstox/src/index.js","fn":"runTradingLogic","line":217},"timestamp":"2025-09-03T03:34:00.069Z"}
{"hasAdmin":true,"keysCount":0,"level":"info","message":"Refreshed keys/adminKeys","origin":{"col":7,"file":"file:///home/alan/Projects/Algoman/algo-upstox/src/index.js","fn":"runTradingLogic","line":217},"timestamp":"2025-09-03T03:34:00.070Z"}
{"dialect":"postgres","level":"info","message":"Database connected","origin":{"col":3,"file":"file:///home/alan/Projects/Algoman/algo-upstox/src/index.js","fn":"<anonymous>","line":15},"timestamp":"2025-09-03T03:34:38.229Z"}
{"level":"info","message":"Upstox running on PORT 3003","origin":{"col":3,"file":"file:///home/alan/Projects/Algoman/algo-upstox/src/index.js","fn":"Server.<anonymous>","line":718},"port":3003,"timestamp":"2025-09-03T03:34:38.241Z"}
{"level":"info","message":"Loaded dailyLevels","origin":{"col":7,"file":"file:///home/alan/Projects/Algoman/algo-upstox/src/index.js","fn":"runTradingLogic","line":185},"present":true,"timestamp":"2025-09-03T03:34:39.040Z"}
{"level":"info","message":"Loaded dailyLevels","origin":{"col":7,"file":"file:///home/alan/Projects/Algoman/algo-upstox/src/index.js","fn":"runTradingLogic","line":185},"present":true,"timestamp":"2025-09-03T03:34:39.070Z"}
{"level":"info","message":"Loaded dailyAsset","origin":{"col":7,"file":"file:///home/alan/Projects/Algoman/algo-upstox/src/index.js","fn":"runTradingLogic","line":199},"timestamp":"2025-09-03T03:34:39.101Z"}
{"level":"info","message":"Loaded dailyAsset","origin":{"col":7,"file":"file:///home/alan/Projects/Algoman/algo-upstox/src/index.js","fn":"runTradingLogic","line":199},"timestamp":"2025-09-03T03:34:39.134Z"}
{"hasAdmin":true,"keysCount":0,"level":"info","message":"Refreshed keys/adminKeys","origin":{"col":7,"file":"file:///home/alan/Projects/Algoman/algo-upstox/src/index.js","fn":"runTradingLogic","line":217},"timestamp":"2025-09-03T03:34:39.203Z"}
{"hasAdmin":true,"keysCount":0,"level":"info","message":"Refreshed keys/adminKeys","origin":{"col":7,"file":"file:///home/alan/Projects/Algoman/algo-upstox/src/index.js","fn":"runTradingLogic","line":217},"timestamp":"2025-09-03T03:34:39.211Z"}
{"hasAdmin":true,"keysCount":0,"level":"info","message":"Refreshed keys/adminKeys","origin":{"col":7,"file":"file:///home/alan/Projects/Algoman/algo-upstox/src/index.js","fn":"runTradingLogic","line":217},"timestamp":"2025-09-03T03:34:40.073Z"}
{"hasAdmin":true,"keysCount":0,"level":"info","message":"Refreshed keys/adminKeys","origin":{"col":7,"file":"file:///home/alan/Projects/Algoman/algo-upstox/src/index.js","fn":"runTradingLogic","line":217},"timestamp":"2025-09-03T03:34:40.078Z"}
{"hasAdmin":true,"keysCount":0,"level":"info","message":"Refreshed keys/adminKeys","origin":{"col":7,"file":"file:///home/alan/Projects/Algoman/algo-upstox/src/index.js","fn":"runTradingLogic","line":217},"timestamp":"2025-09-03T03:35:00.071Z"}
{"hasAdmin":true,"keysCount":0,"level":"info","message":"Refreshed keys/adminKeys","origin":{"col":7,"file":"file:///home/alan/Projects/Algoman/algo-upstox/src/index.js","fn":"runTradingLogic","line":217},"timestamp":"2025-09-03T03:35:00.074Z"}
{"dialect":"postgres","level":"info","message":"Database connected","origin":{"col":3,"file":"file:///home/alan/Projects/Algoman/algo-upstox/src/index.js","fn":"<anonymous>","line":15},"timestamp":"2025-09-03T03:35:15.036Z"}
{"level":"info","message":"Upstox running on PORT 3003","origin":{"col":3,"file":"file:///home/alan/Projects/Algoman/algo-upstox/src/index.js","fn":"Server.<anonymous>","line":718},"port":3003,"timestamp":"2025-09-03T03:35:15.045Z"}
{"level":"info","message":"Loaded dailyLevels","origin":{"col":7,"file":"file:///home/alan/Projects/Algoman/algo-upstox/src/index.js","fn":"runTradingLogic","line":185},"present":true,"timestamp":"2025-09-03T03:35:16.037Z"}
{"level":"info","message":"Loaded dailyLevels","origin":{"col":7,"file":"file:///home/alan/Projects/Algoman/algo-upstox/src/index.js","fn":"runTradingLogic","line":185},"present":true,"timestamp":"2025-09-03T03:35:16.062Z"}
{"level":"info","message":"Loaded dailyAsset","origin":{"col":7,"file":"file:///home/alan/Projects/Algoman/algo-upstox/src/index.js","fn":"runTradingLogic","line":199},"timestamp":"2025-09-03T03:35:16.088Z"}
{"level":"info","message":"Loaded dailyAsset","origin":{"col":7,"file":"file:///home/alan/Projects/Algoman/algo-upstox/src/index.js","fn":"runTradingLogic","line":199},"timestamp":"2025-09-03T03:35:16.115Z"}
{"hasAdmin":true,"keysCount":0,"level":"info","message":"Refreshed keys/adminKeys","origin":{"col":7,"file":"file:///home/alan/Projects/Algoman/algo-upstox/src/index.js","fn":"runTradingLogic","line":217},"timestamp":"2025-09-03T03:35:16.189Z"}
{"hasAdmin":true,"keysCount":0,"level":"info","message":"Refreshed keys/adminKeys","origin":{"col":7,"file":"file:///home/alan/Projects/Algoman/algo-upstox/src/index.js","fn":"runTradingLogic","line":217},"timestamp":"2025-09-03T03:35:16.199Z"}
